CREATE TABLE abcd(a int primary key, b int, c int, d int) SPLIT INTO 1 TABLETS;
SET yb_bnl_batch_size = 3;
CREATE INDEX abcd_b_c_idx ON abcd(b);
INSERT INTO abcd SELECT i, i, i, i FROM generate_series(1, 2000) i;
SELECT yb_index_check('abcd_b_c_idx'::regclass::oid);
 yb_index_check 
----------------
 
(1 row)

