--
-- CREATE_MISC
--
-- CLASS POPULATION
--	(any resemblance to real life is purely coincidental)
--
INSERT INTO tenk2 SELECT * FROM tenk1;
CREATE TABLE onek2 AS SELECT * FROM onek;
